2026-08-13 12:04:39 | DEBUG | DATABASE | Verifying internal isolation level settings for session
2026-08-13 12:04:39 | CRITICAL | PAYMENTS | Payment processing gateway down or unreachable globally
2026-08-13 12:04:39 | CRITICAL | AUTH | Security validation middleware completely skipped via misconfiguration
2026-08-13 12:04:39 | ERROR | PAYMENTS | Gateway handshake rejected due to invalid merchant credentials
2026-08-13 12:04:39 | DEBUG | DATABASE | Evaluating write ahead log file segment markers
2026-08-13 12:04:39 | ERROR | PAYMENTS | Payment processing bridge returned malformed data format
2026-08-13 12:04:39 | WARNING | AUTH | Authentication verification code requested multiple times quickly
2026-08-13 12:04:39 | DEBUG | DATABASE | Analyzing column index cardinality for optimal path selection
2026-08-13 12:04:39 | ERROR | AUTH | Account locked due to excessive authentication failures
2026-08-13 12:04:39 | ERROR | PAYMENTS | Refund request rejected due to insufficient processing reserves
2026-08-13 12:04:39 | DEBUG | AUTH | Verifying security signature against local keys
2026-08-13 12:04:39 | INFO | AUTH | New user account registration form processed
2026-08-13 12:04:39 | DEBUG | PAYMENTS | Inspecting local transaction sequence allocation reference
2026-08-13 12:04:39 | WARNING | DATABASE | Storage volume partition space dipping below safety line
2026-08-13 12:04:39 | DEBUG | DATABASE | Evaluating write ahead log file segment markers
2026-08-13 12:04:39 | DEBUG | DATABASE | Parsing database driver environment parameters array
2026-08-13 12:04:39 | INFO | AUTH | User successfully signed in from verified device
2026-08-13 12:04:39 | WARNING | AUTH | Failed login attempt registered for non-existent user
2026-08-13 12:04:39 | CRITICAL | PAYMENTS | Decryption keys for payment data storage lost or unreadable
2026-08-13 12:04:39 | WARNING | DATABASE | Storage volume partition space dipping below safety line
2026-08-13 12:04:39 | DEBUG | AUTH | Extracting user metadata from authentication payload
2026-08-13 12:04:39 | CRITICAL | AUTH | Security validation middleware completely skipped via misconfiguration
2026-08-13 12:04:39 | INFO | AUTH | Password reset request initiated by account owner
2026-08-13 12:04:39 | DEBUG | DATABASE | Inspecting lock hierarchy structure for target resource
2026-08-13 12:04:39 | DEBUG | DATABASE | Inspecting execution cost value for query analyzer
2026-08-13 12:04:39 | DEBUG | PAYMENTS | Validating payload schema structure for gateway delivery
2026-08-13 12:04:39 | ERROR | PAYMENTS | Tax evaluation service dropped connection during computation
2026-08-13 12:04:39 | DEBUG | PAYMENTS | Extracting payment method metadata from request data
2026-08-13 12:04:39 | DEBUG | DATABASE | Inspecting execution cost value for query analyzer
2026-08-13 12:04:39 | DEBUG | DATABASE | Compiling raw SQL string from builder pattern
2026-08-13 12:04:39 | CRITICAL | AUTH | User privilege escalation exploit attempt detected on endpoint
2026-08-13 12:04:39 | INFO | DATABASE | Index optimization routine completed for system tables
2026-08-13 12:04:39 | CRITICAL | AUTH | Session revocation registry unavailable to match validation requests
2026-08-13 12:04:39 | INFO | PAYMENTS | Refund allocation operation completed for requested item
2026-08-13 12:04:39 | INFO | DATABASE | Read replica node caught up with master pipeline
2026-08-13 12:04:39 | ERROR | AUTH | User validation framework failed to parse request format
2026-08-13 12:04:39 | DEBUG | DATABASE | Checking internal buffer pool index tracking slots
2026-08-13 12:04:39 | INFO | AUTH | Multifactor authentication challenge successfully completed
2026-08-13 12:04:39 | CRITICAL | PAYMENTS | Duplicate charging event loop detected running on subscriptions
2026-08-13 12:04:39 | INFO | DATABASE | Migration script sequence executed cleanly on schema
2026-08-13 12:04:39 | WARNING | DATABASE | Storage volume partition space dipping below safety line
2026-08-13 12:04:39 | WARNING | PAYMENTS | Payment authorization request returned retry status response
2026-08-13 12:04:39 | DEBUG | DATABASE | Analyzing column index cardinality for optimal path selection
2026-08-13 12:04:39 | WARNING | DATABASE | Replica duplication gap widening beyond acceptable interval
2026-08-13 12:04:39 | WARNING | DATABASE | Deadlock hazard encountered and handled via automatic retry
2026-08-13 12:04:39 | DEBUG | AUTH | Validating password hash complexity requirements
2026-08-13 12:04:39 | ERROR | PAYMENTS | Payment processing bridge returned malformed data format
2026-08-13 12:04:39 | DEBUG | AUTH | Reading oauth client configuration from disk
2026-08-13 12:04:39 | INFO | DATABASE | Configuration file reload completed without dropping sessions
2026-08-13 12:04:39 | WARNING | AUTH | Password validation threshold approaching account suspension
2026-08-13 12:04:39 | WARNING | AUTH | Authentication verification code requested multiple times quickly
2026-08-13 12:04:39 | DEBUG | PAYMENTS | Inspecting currency exchange conversion evaluation metrics
2026-08-13 12:04:39 | DEBUG | PAYMENTS | Checking idempotency key existence in transactional registry
2026-08-13 12:04:39 | WARNING | AUTH | Failed login attempt registered for non-existent user
2026-08-13 12:04:39 | ERROR | PAYMENTS | Secure ledger entry validation mismatch during calculation
2026-08-13 12:04:39 | CRITICAL | AUTH | Authorization system bypass pattern detected on core logic
2026-08-13 12:04:39 | CRITICAL | AUTH | Encryption module failed to initialize secure random generator
2026-08-13 12:04:39 | ERROR | PAYMENTS | Card processing pipeline encountered serialization blocking failure
2026-08-13 12:04:39 | DEBUG | DATABASE | Compiling raw SQL string from builder pattern
2026-08-13 12:04:39 | DEBUG | AUTH | Inspecting refresh token expiration properties
2026-08-13 12:04:39 | DEBUG | DATABASE | Inspecting execution cost value for query analyzer
2026-08-13 12:04:39 | INFO | DATABASE | Index optimization routine completed for system tables
2026-08-13 12:04:39 | WARNING | PAYMENTS | Processor webhook delivered multiple times for same item
2026-08-13 12:04:39 | CRITICAL | PAYMENTS | Duplicate charging event loop detected running on subscriptions
2026-08-13 12:04:39 | INFO | DATABASE | Database connection pool successfully initialized and ready
2026-08-13 12:04:39 | DEBUG | AUTH | Inspecting cross-origin request origin domain
2026-08-13 12:04:39 | WARNING | DATABASE | Storage volume partition space dipping below safety line
2026-08-13 12:04:39 | INFO | DATABASE | Database connection pool successfully initialized and ready
2026-08-13 12:04:39 | DEBUG | PAYMENTS | Reading discount coupon calculation rule rules file
2026-08-13 12:04:39 | WARNING | DATABASE | Query processing time exceeded standard performance threshold
2026-08-13 12:04:39 | ERROR | AUTH | Account locked due to excessive authentication failures
2026-08-13 12:04:39 | WARNING | PAYMENTS | Card validation digit mismatch flag returned from check
2026-08-13 12:04:39 | WARNING | DATABASE | Storage volume partition space dipping below safety line
2026-08-13 12:04:39 | ERROR | AUTH | Invalid authorization token signature structure provided
2026-08-13 12:04:39 | INFO | AUTH | Account email address updated successfully
2026-08-13 12:04:39 | INFO | AUTH | Account email address updated successfully
2026-08-13 12:04:39 | DEBUG | DATABASE | Evaluating write ahead log file segment markers
2026-08-13 12:04:39 | CRITICAL | PAYMENTS | Financial database ledger balance variance detected instantly
2026-08-13 12:04:39 | WARNING | AUTH | Account access pattern matching automated script behavior
2026-08-13 12:04:39 | ERROR | PAYMENTS | Gateway handshake rejected due to invalid merchant credentials
2026-08-13 12:04:39 | ERROR | AUTH | External identity provider connection returned bad state
2026-08-13 12:04:39 | WARNING | AUTH | Session validation check running slower than timeout margins
2026-08-13 12:04:39 | INFO | DATABASE | Database engine stats gathered and internal caches cleared
2026-08-13 12:04:39 | WARNING | AUTH | Unsecured connection protocol used for authentication route
2026-08-13 12:04:39 | WARNING | DATABASE | Active connection allocation reaching maximum pool capacity
2026-08-13 12:04:39 | CRITICAL | AUTH | Private signing key file missing from configuration directory
2026-08-13 12:04:39 | DEBUG | AUTH | Verifying security signature against local keys
2026-08-13 12:04:39 | ERROR | PAYMENTS | Refund request rejected due to insufficient processing reserves
2026-08-13 12:04:39 | WARNING | DATABASE | Storage volume partition space dipping below safety line
2026-08-13 12:04:39 | WARNING | DATABASE | Replica duplication gap widening beyond acceptable interval
2026-08-13 12:04:39 | INFO | DATABASE | Connection monitoring check returned healthy system status
2026-08-13 12:04:39 | DEBUG | PAYMENTS | Verifying webhook routing signature with processor keys
2026-08-13 12:04:39 | INFO | AUTH | Security verification answers successfully registered
2026-08-13 12:04:39 | WARNING | DATABASE | Query processing time exceeded standard performance threshold
2026-08-13 12:04:39 | WARNING | DATABASE | Table scanning operation triggered due to missing index
2026-08-13 12:04:39 | WARNING | PAYMENTS | Processor webhook delivered multiple times for same item
2026-08-13 12:04:39 | WARNING | PAYMENTS | Card expiration date approaching within current month
2026-08-13 12:04:39 | CRITICAL | PAYMENTS | Financial database ledger balance variance detected instantly
2026-08-13 12:04:39 | DEBUG | DATABASE | Analyzing column index cardinality for optimal path selection
2026-08-13 12:04:39 | INFO | DATABASE | Scheduled database backup file safely stored remotely
2026-08-13 12:04:39 | WARNING | PAYMENTS | Card validation digit mismatch flag returned from check
2026-08-13 12:04:39 | INFO | DATABASE | Vacuum cleanup script recovered unused disk blocks
2026-08-13 12:04:39 | ERROR | AUTH | Permission database lookup timed out during checking
2026-08-13 12:04:39 | INFO | DATABASE | Migration script sequence executed cleanly on schema
2026-08-13 12:04:39 | INFO | DATABASE | Index optimization routine completed for system tables
2026-08-13 12:04:39 | ERROR | AUTH | Authentication state cache synchronization failed completely
2026-08-13 12:04:39 | WARNING | DATABASE | Query processing time exceeded standard performance threshold
2026-08-13 12:04:39 | ERROR | AUTH | Account locked due to excessive authentication failures
2026-08-13 12:04:39 | DEBUG | AUTH | Reading oauth client configuration from disk
2026-08-13 12:04:39 | INFO | DATABASE | Scheduled database backup file safely stored remotely
2026-08-13 12:04:39 | ERROR | PAYMENTS | Tax evaluation service dropped connection during computation
2026-08-13 12:04:39 | WARNING | DATABASE | Query processing time exceeded standard performance threshold
2026-08-13 12:04:39 | WARNING | DATABASE | Replica duplication gap widening beyond acceptable interval
2026-08-13 12:04:39 | DEBUG | DATABASE | Evaluating write ahead log file segment markers
2026-08-13 12:04:39 | DEBUG | PAYMENTS | Inspecting local transaction sequence allocation reference
2026-08-13 12:04:39 | INFO | AUTH | Temporary login verification code dispatched to device
2026-08-13 12:04:39 | INFO | PAYMENTS | Refund allocation operation completed for requested item
2026-08-13 12:04:39 | INFO | AUTH | Temporary login verification code dispatched to device
2026-08-13 12:04:39 | CRITICAL | AUTH | Brute force credential stuffing attack currently active
2026-08-13 12:04:39 | ERROR | PAYMENTS | Idempotency token conflict encountered during charge request
2026-08-13 12:04:39 | CRITICAL | PAYMENTS | Payment webhook endpoint processing total timeout lockup
2026-08-13 12:04:39 | INFO | DATABASE | Connection monitoring check returned healthy system status
2026-08-13 12:04:39 | WARNING | DATABASE | Deadlock hazard encountered and handled via automatic retry
2026-08-13 12:04:39 | WARNING | AUTH | Deprecate endpoint version accessed during login sequence
2026-08-13 12:04:39 | INFO | DATABASE | Read replica node caught up with master pipeline
2026-08-13 12:04:39 | CRITICAL | PAYMENTS | Payment processing gateway down or unreachable globally
2026-08-13 12:04:39 | WARNING | DATABASE | Query processing time exceeded standard performance threshold
2026-08-13 12:04:39 | DEBUG | PAYMENTS | Checking idempotency key existence in transactional registry
2026-08-13 12:04:39 | WARNING | DATABASE | Replica duplication gap widening beyond acceptable interval
2026-08-13 12:04:39 | INFO | DATABASE | Configuration file reload completed without dropping sessions
2026-08-13 12:04:39 | DEBUG | DATABASE | Inspecting lock hierarchy structure for target resource
2026-08-13 12:04:39 | WARNING | DATABASE | Table scanning operation triggered due to missing index
2026-08-13 12:04:39 | WARNING | DATABASE | Table scanning operation triggered due to missing index
2026-08-13 12:04:39 | CRITICAL | AUTH | Identity provider cluster reported total cluster outage
2026-08-13 12:04:39 | DEBUG | AUTH | Validating password hash complexity requirements
2026-08-13 12:04:39 | INFO | AUTH | Temporary login verification code dispatched to device
2026-08-13 12:04:39 | ERROR | AUTH | Account locked due to excessive authentication failures
2026-08-13 12:04:39 | INFO | DATABASE | Database connection pool successfully initialized and ready
2026-08-13 12:04:39 | WARNING | AUTH | Session validation check running slower than timeout margins
2026-08-13 12:04:39 | DEBUG | PAYMENTS | Formatting currency numeric value to matching format
2026-08-13 12:04:39 | WARNING | DATABASE | Storage volume partition space dipping below safety line
2026-08-13 12:04:39 | INFO | DATABASE | Database engine stats gathered and internal caches cleared
2026-08-13 12:04:39 | INFO | PAYMENTS | Promotion code applied to active checkout process
2026-08-13 12:04:39 | ERROR | AUTH | External identity provider connection returned bad state
2026-08-13 12:04:39 | WARNING | AUTH | Expired authentication token presented to private endpoint
2026-08-13 12:04:39 | DEBUG | AUTH | Evaluating attribute-based access control policies
2026-08-13 12:04:39 | DEBUG | DATABASE | Compiling raw SQL string from builder pattern
2026-08-13 12:04:39 | DEBUG | DATABASE | Inspecting lock hierarchy structure for target resource
2026-08-13 12:04:39 | WARNING | AUTH | Deprecate endpoint version accessed during login sequence
2026-08-13 12:04:39 | INFO | DATABASE | Connection monitoring check returned healthy system status
2026-08-13 12:04:39 | DEBUG | DATABASE | Evaluating write ahead log file segment markers
2026-08-13 12:04:39 | ERROR | PAYMENTS | Idempotency token conflict encountered during charge request
2026-08-13 12:04:39 | DEBUG | DATABASE | Analyzing column index cardinality for optimal path selection
2026-08-13 12:04:39 | ERROR | PAYMENTS | Tax evaluation service dropped connection during computation
2026-08-13 12:04:39 | INFO | DATABASE | Vacuum cleanup script recovered unused disk blocks
2026-08-13 12:04:39 | WARNING | PAYMENTS | Card validation digit mismatch flag returned from check
2026-08-13 12:04:39 | WARNING | PAYMENTS | Card expiration date approaching within current month
2026-08-13 12:04:39 | INFO | DATABASE | Connection monitoring check returned healthy system status
2026-08-13 12:04:39 | INFO | PAYMENTS | Invoice record generated and assigned identifier code
2026-08-13 12:04:39 | DEBUG | DATABASE | Analyzing column index cardinality for optimal path selection
2026-08-13 12:04:39 | INFO | DATABASE | Database engine stats gathered and internal caches cleared
2026-08-13 12:04:39 | CRITICAL | PAYMENTS | Fraud detection evaluation engine dropped completely offline
2026-08-13 12:04:39 | WARNING | DATABASE | Replica duplication gap widening beyond acceptable interval
2026-08-13 12:04:39 | CRITICAL | PAYMENTS | Automated corporate payout script failed midway through routine
2026-08-13 12:04:39 | WARNING | DATABASE | Active connection allocation reaching maximum pool capacity
2026-08-13 12:04:39 | WARNING | AUTH | User password age exceeding recommended security interval
2026-08-13 12:04:39 | ERROR | AUTH | User validation framework failed to parse request format
2026-08-13 12:04:39 | DEBUG | PAYMENTS | Checking payment processor gateway endpoint state
2026-08-13 12:04:39 | ERROR | PAYMENTS | Secure ledger entry validation mismatch during calculation
2026-08-13 12:04:39 | WARNING | DATABASE | Active connection allocation reaching maximum pool capacity
2026-08-13 12:04:39 | DEBUG | DATABASE | Reading table metadata block from storage file
2026-08-13 12:04:39 | WARNING | AUTH | Session validation check running slower than timeout margins
2026-08-13 12:04:39 | DEBUG | PAYMENTS | Validating payload schema structure for gateway delivery
2026-08-13 12:04:39 | WARNING | DATABASE | Table scanning operation triggered due to missing index
2026-08-13 12:04:39 | WARNING | AUTH | User password age exceeding recommended security interval
2026-08-13 12:04:39 | ERROR | AUTH | User validation framework failed to parse request format
2026-08-13 12:04:39 | CRITICAL | PAYMENTS | Encryption failure encountered during card tokenization route
2026-08-13 12:04:39 | DEBUG | AUTH | Checking multifactor token delivery parameters
2026-08-13 12:04:39 | DEBUG | DATABASE | Checking read replica network communication latency values
2026-08-13 12:04:39 | ERROR | AUTH | Cross-site request forgery handshake validation failed
2026-08-13 12:04:39 | DEBUG | AUTH | Checking multifactor token delivery parameters
2026-08-13 12:04:39 | DEBUG | AUTH | Checking active session storage cache keys
2026-08-13 12:04:39 | INFO | AUTH | API authentication key refreshed by client
2026-08-13 12:04:39 | DEBUG | DATABASE | Checking read replica network communication latency values
2026-08-13 12:04:39 | DEBUG | DATABASE | Analyzing column index cardinality for optimal path selection
2026-08-13 12:04:39 | WARNING | PAYMENTS | Currency conversion rate fluctuation exceeds standard buffer
2026-08-13 12:04:39 | INFO | PAYMENTS | Payment method mapping successfully added to profile
2026-08-13 12:04:39 | CRITICAL | AUTH | Encryption module failed to initialize secure random generator
2026-08-13 12:04:39 | INFO | DATABASE | Index optimization routine completed for system tables
2026-08-13 12:04:39 | CRITICAL | AUTH | Security validation middleware completely skipped via misconfiguration
2026-08-13 12:04:39 | WARNING | DATABASE | Active connection allocation reaching maximum pool capacity
2026-08-13 12:04:39 | DEBUG | DATABASE | Checking read replica network communication latency values
2026-08-13 12:04:39 | INFO | DATABASE | Connection monitoring check returned healthy system status
2026-08-13 12:04:39 | DEBUG | DATABASE | Parsing database driver environment parameters array
2026-08-13 12:04:39 | WARNING | AUTH | Failed login attempt registered for non-existent user
2026-08-13 12:04:39 | ERROR | PAYMENTS | Gateway handshake rejected due to invalid merchant credentials
2026-08-13 12:04:39 | ERROR | PAYMENTS | Failed to update invoice settlement status in ledger
2026-08-13 12:04:39 | INFO | DATABASE | Scheduled database backup file safely stored remotely
2026-08-13 12:04:39 | INFO | AUTH | Security verification answers successfully registered
2026-08-13 12:04:39 | ERROR | PAYMENTS | Secure ledger entry validation mismatch during calculation
