2026-08-13 12:11:03 | INFO | DATABASE | Database connection pool successfully initialized and ready
2026-08-13 12:11:03 | INFO | AUTH | Temporary login verification code dispatched to device
2026-08-13 12:11:03 | CRITICAL | AUTH | Private signing key file missing from configuration directory
2026-08-13 12:11:03 | INFO | DATABASE | Database engine stats gathered and internal caches cleared
2026-08-13 12:11:03 | INFO | AUTH | Temporary login verification code dispatched to device
2026-08-13 12:11:03 | ERROR | AUTH | Cross-site request forgery handshake validation failed
2026-08-13 12:11:03 | INFO | PAYMENTS | Subscription renewal pipeline updated for active client
2026-08-13 12:11:03 | DEBUG | DATABASE | Inspecting execution cost value for query analyzer
2026-08-13 12:11:03 | DEBUG | DATABASE | Analyzing column index cardinality for optimal path selection
2026-08-13 12:11:03 | INFO | PAYMENTS | Refund allocation operation completed for requested item
2026-08-13 12:11:03 | WARNING | PAYMENTS | Card expiration date approaching within current month
2026-08-13 12:11:03 | DEBUG | DATABASE | Compiling raw SQL string from builder pattern
2026-08-13 12:11:03 | CRITICAL | AUTH | Private signing key file missing from configuration directory
2026-08-13 12:11:03 | INFO | PAYMENTS | Transaction processed successfully through processor gateway
2026-08-13 12:11:03 | WARNING | DATABASE | Deadlock hazard encountered and handled via automatic retry
2026-08-13 12:11:03 | INFO | PAYMENTS | Payer account validation verification check passed completely
2026-08-13 12:11:03 | DEBUG | PAYMENTS | Reading discount coupon calculation rule rules file
2026-08-13 12:11:03 | INFO | PAYMENTS | Bank settlement file exported to scheduled directory
2026-08-13 12:11:03 | DEBUG | DATABASE | Inspecting execution cost value for query analyzer
2026-08-13 12:11:03 | INFO | PAYMENTS | Payment method mapping successfully added to profile
2026-08-13 12:11:03 | DEBUG | PAYMENTS | Validating payload schema structure for gateway delivery
2026-08-13 12:11:03 | WARNING | DATABASE | Deadlock hazard encountered and handled via automatic retry
2026-08-13 12:11:03 | INFO | PAYMENTS | Partial allocation payment accepted for outstanding record
2026-08-13 12:11:03 | WARNING | AUTH | Session validation check running slower than timeout margins
2026-08-13 12:11:03 | WARNING | PAYMENTS | Transaction value exceeding typical single account threshold
2026-08-13 12:11:03 | WARNING | AUTH | User password age exceeding recommended security interval
2026-08-13 12:11:03 | ERROR | AUTH | Invalid authorization token signature structure provided
2026-08-13 12:11:03 | CRITICAL | AUTH | Authorization system bypass pattern detected on core logic
2026-08-13 12:11:03 | ERROR | PAYMENTS | Payment processing bridge returned malformed data format
2026-08-13 12:11:03 | WARNING | AUTH | Session validation check running slower than timeout margins
2026-08-13 12:11:03 | INFO | DATABASE | Migration script sequence executed cleanly on schema
2026-08-13 12:11:03 | ERROR | AUTH | External identity provider connection returned bad state
2026-08-13 12:11:03 | CRITICAL | PAYMENTS | Financial database ledger balance variance detected instantly
2026-08-13 12:11:03 | DEBUG | AUTH | Evaluating attribute-based access control policies
2026-08-13 12:11:03 | CRITICAL | PAYMENTS | Payment webhook endpoint processing total timeout lockup
2026-08-13 12:11:03 | CRITICAL | AUTH | Identity provider cluster reported total cluster outage
2026-08-13 12:11:03 | DEBUG | DATABASE | Compiling raw SQL string from builder pattern
2026-08-13 12:11:03 | INFO | AUTH | User successfully signed in from verified device
2026-08-13 12:11:03 | DEBUG | DATABASE | Verifying internal isolation level settings for session
2026-08-13 12:11:03 | ERROR | AUTH | Token generation algorithm missing required environment variable
2026-08-13 12:11:03 | WARNING | DATABASE | Deadlock hazard encountered and handled via automatic retry
2026-08-13 12:11:03 | INFO | DATABASE | Scheduled database backup file safely stored remotely
2026-08-13 12:11:03 | DEBUG | DATABASE | Checking internal buffer pool index tracking slots
2026-08-13 12:11:03 | CRITICAL | PAYMENTS | Duplicate charging event loop detected running on subscriptions
2026-08-13 12:11:03 | DEBUG | DATABASE | Reading table metadata block from storage file
2026-08-13 12:11:03 | WARNING | AUTH | Deprecate endpoint version accessed during login sequence
2026-08-13 12:11:03 | INFO | AUTH | Password reset request initiated by account owner
2026-08-13 12:11:03 | WARNING | DATABASE | Active connection allocation reaching maximum pool capacity
2026-08-13 12:11:03 | INFO | DATABASE | Migration script sequence executed cleanly on schema
2026-08-13 12:11:03 | CRITICAL | AUTH | Identity provider cluster reported total cluster outage
2026-08-13 12:11:03 | CRITICAL | PAYMENTS | Duplicate charging event loop detected running on subscriptions
2026-08-13 12:11:03 | DEBUG | DATABASE | Checking read replica network communication latency values
2026-08-13 12:11:03 | WARNING | DATABASE | Active connection allocation reaching maximum pool capacity
2026-08-13 12:11:03 | INFO | AUTH | New user account registration form processed
2026-08-13 12:11:03 | ERROR | PAYMENTS | Transaction declined by issuing financial branch location
2026-08-13 12:11:03 | INFO | AUTH | User profile synchronization with identity provider finished
2026-08-13 12:11:03 | WARNING | DATABASE | Table scanning operation triggered due to missing index
2026-08-13 12:11:03 | CRITICAL | AUTH | Private signing key file missing from configuration directory
2026-08-13 12:11:03 | INFO | PAYMENTS | Transaction processed successfully through processor gateway
2026-08-13 12:11:03 | DEBUG | PAYMENTS | Inspecting local transaction sequence allocation reference
2026-08-13 12:11:03 | WARNING | PAYMENTS | Billing address lookup returned incomplete location match
2026-08-13 12:11:03 | ERROR | AUTH | Token generation algorithm missing required environment variable
2026-08-13 12:11:03 | WARNING | PAYMENTS | Transaction value exceeding typical single account threshold
2026-08-13 12:11:03 | DEBUG | DATABASE | Reading table metadata block from storage file
2026-08-13 12:11:03 | DEBUG | PAYMENTS | Checking idempotency key existence in transactional registry
2026-08-13 12:11:03 | WARNING | AUTH | Password validation threshold approaching account suspension
2026-08-13 12:11:03 | WARNING | PAYMENTS | Gateway communication latency exceeding optimal target window
2026-08-13 12:11:03 | ERROR | PAYMENTS | Secure ledger entry validation mismatch during calculation
2026-08-13 12:11:03 | WARNING | PAYMENTS | Gateway communication latency exceeding optimal target window
2026-08-13 12:11:03 | CRITICAL | AUTH | Session revocation registry unavailable to match validation requests
2026-08-13 12:11:03 | CRITICAL | AUTH | Private signing key file missing from configuration directory
2026-08-13 12:11:03 | CRITICAL | AUTH | Session revocation registry unavailable to match validation requests
2026-08-13 12:11:03 | DEBUG | AUTH | Inspecting cross-origin request origin domain
2026-08-13 12:11:03 | DEBUG | PAYMENTS | Formatting currency numeric value to matching format
2026-08-13 12:11:03 | ERROR | PAYMENTS | Tax evaluation service dropped connection during computation
2026-08-13 12:11:03 | DEBUG | DATABASE | Inspecting lock hierarchy structure for target resource
2026-08-13 12:11:03 | DEBUG | PAYMENTS | Calculating applicable regional processing surcharge matrix
2026-08-13 12:11:03 | CRITICAL | PAYMENTS | Encryption failure encountered during card tokenization route
2026-08-13 12:11:03 | INFO | AUTH | User profile synchronization with identity provider finished
2026-08-13 12:11:03 | CRITICAL | PAYMENTS | Financial database ledger balance variance detected instantly
2026-08-13 12:11:03 | INFO | DATABASE | Read replica node caught up with master pipeline
2026-08-13 12:11:03 | DEBUG | DATABASE | Checking read replica network communication latency values
2026-08-13 12:11:03 | WARNING | DATABASE | Query processing time exceeded standard performance threshold
2026-08-13 12:11:03 | WARNING | AUTH | Unsecured connection protocol used for authentication route
2026-08-13 12:11:03 | INFO | DATABASE | Vacuum cleanup script recovered unused disk blocks
2026-08-13 12:11:03 | ERROR | AUTH | MFA delivery service rejected target destination address
2026-08-13 12:11:03 | DEBUG | DATABASE | Checking internal buffer pool index tracking slots
2026-08-13 12:11:03 | DEBUG | AUTH | Inspecting cross-origin request origin domain
2026-08-13 12:11:03 | DEBUG | DATABASE | Evaluating write ahead log file segment markers
2026-08-13 12:11:03 | WARNING | AUTH | User password age exceeding recommended security interval
2026-08-13 12:11:03 | INFO | AUTH | New user account registration form processed
2026-08-13 12:11:03 | ERROR | AUTH | Invalid authorization token signature structure provided
2026-08-13 12:11:03 | DEBUG | AUTH | Evaluating attribute-based access control policies
2026-08-13 12:11:03 | INFO | DATABASE | Configuration file reload completed without dropping sessions
2026-08-13 12:11:03 | DEBUG | DATABASE | Reading table metadata block from storage file
2026-08-13 12:11:03 | INFO | DATABASE | Migration script sequence executed cleanly on schema
2026-08-13 12:11:03 | WARNING | DATABASE | Active connection allocation reaching maximum pool capacity
2026-08-13 12:11:03 | CRITICAL | PAYMENTS | Encryption failure encountered during card tokenization route
2026-08-13 12:11:03 | INFO | PAYMENTS | Invoice record generated and assigned identifier code
2026-08-13 12:11:03 | WARNING | DATABASE | Query processing time exceeded standard performance threshold
2026-08-13 12:11:03 | WARNING | AUTH | User password age exceeding recommended security interval
2026-08-13 12:11:03 | INFO | PAYMENTS | Digital purchase receipt dispatched via message queue
2026-08-13 12:11:03 | DEBUG | PAYMENTS | Extracting payment method metadata from request data
2026-08-13 12:11:03 | WARNING | PAYMENTS | Automated subscription retry pipeline delayed by queue backup
2026-08-13 12:11:03 | CRITICAL | AUTH | Encryption module failed to initialize secure random generator
2026-08-13 12:11:03 | DEBUG | DATABASE | Analyzing column index cardinality for optimal path selection
2026-08-13 12:11:03 | INFO | AUTH | API authentication key refreshed by client
2026-08-13 12:11:03 | INFO | DATABASE | Database engine stats gathered and internal caches cleared
2026-08-13 12:11:03 | INFO | PAYMENTS | Payer account validation verification check passed completely
2026-08-13 12:11:03 | DEBUG | DATABASE | Analyzing column index cardinality for optimal path selection
2026-08-13 12:11:03 | DEBUG | PAYMENTS | Validating payload schema structure for gateway delivery
2026-08-13 12:11:03 | CRITICAL | PAYMENTS | Decryption keys for payment data storage lost or unreadable
2026-08-13 12:11:03 | INFO | DATABASE | Configuration file reload completed without dropping sessions
2026-08-13 12:11:03 | DEBUG | AUTH | Inspecting cross-origin request origin domain
2026-08-13 12:11:03 | DEBUG | DATABASE | Compiling raw SQL string from builder pattern
2026-08-13 12:11:03 | DEBUG | DATABASE | Compiling raw SQL string from builder pattern
2026-08-13 12:11:03 | CRITICAL | AUTH | Session revocation registry unavailable to match validation requests
2026-08-13 12:11:03 | WARNING | PAYMENTS | Transaction value exceeding typical single account threshold
2026-08-13 12:11:03 | INFO | AUTH | Temporary login verification code dispatched to device
2026-08-13 12:11:03 | INFO | PAYMENTS | Bank settlement file exported to scheduled directory
2026-08-13 12:11:03 | DEBUG | DATABASE | Checking read replica network communication latency values
2026-08-13 12:11:03 | DEBUG | AUTH | Checking multifactor token delivery parameters
2026-08-13 12:11:03 | DEBUG | PAYMENTS | Validating payload schema structure for gateway delivery
2026-08-13 12:11:03 | INFO | AUTH | Password reset request initiated by account owner
2026-08-13 12:11:03 | CRITICAL | PAYMENTS | Duplicate charging event loop detected running on subscriptions
2026-08-13 12:11:03 | DEBUG | AUTH | Parsing token claims from incoming request header
2026-08-13 12:11:03 | ERROR | AUTH | Authentication state cache synchronization failed completely
2026-08-13 12:11:03 | WARNING | DATABASE | Replica duplication gap widening beyond acceptable interval
2026-08-13 12:11:03 | DEBUG | AUTH | Evaluating attribute-based access control policies
2026-08-13 12:11:03 | CRITICAL | AUTH | Authentication database connection pool fully exhausted
2026-08-13 12:11:03 | DEBUG | AUTH | Checking multifactor token delivery parameters
2026-08-13 12:11:03 | WARNING | AUTH | Failed login attempt registered for non-existent user
2026-08-13 12:11:03 | WARNING | DATABASE | Storage volume partition space dipping below safety line
2026-08-13 12:11:03 | DEBUG | PAYMENTS | Calculating applicable regional processing surcharge matrix
2026-08-13 12:11:03 | INFO | DATABASE | Database connection pool successfully initialized and ready
2026-08-13 12:11:03 | CRITICAL | AUTH | Encryption module failed to initialize secure random generator
2026-08-13 12:11:03 | INFO | DATABASE | Connection monitoring check returned healthy system status
2026-08-13 12:11:03 | CRITICAL | PAYMENTS | Payment webhook endpoint processing total timeout lockup
2026-08-13 12:11:03 | WARNING | DATABASE | Query processing time exceeded standard performance threshold
2026-08-13 12:11:03 | INFO | AUTH | Password reset request initiated by account owner
2026-08-13 12:11:03 | CRITICAL | AUTH | Critical certificate authority expiration causing login failure
2026-08-13 12:11:03 | INFO | PAYMENTS | Promotion code applied to active checkout process
2026-08-13 12:11:03 | WARNING | AUTH | Unsecured connection protocol used for authentication route
2026-08-13 12:11:03 | CRITICAL | AUTH | Security validation middleware completely skipped via misconfiguration
2026-08-13 12:11:03 | DEBUG | AUTH | Extracting user metadata from authentication payload
2026-08-13 12:11:03 | DEBUG | DATABASE | Verifying internal isolation level settings for session
2026-08-13 12:11:03 | DEBUG | PAYMENTS | Extracting payment method metadata from request data
2026-08-13 12:11:03 | INFO | DATABASE | Historical archive data dropped cleanly from active table
2026-08-13 12:11:03 | CRITICAL | PAYMENTS | Decryption keys for payment data storage lost or unreadable
2026-08-13 12:11:03 | ERROR | PAYMENTS | Gateway handshake rejected due to invalid merchant credentials
2026-08-13 12:11:03 | DEBUG | DATABASE | Reading table metadata block from storage file
2026-08-13 12:11:03 | DEBUG | AUTH | Checking active session storage cache keys
2026-08-13 12:11:03 | WARNING | DATABASE | Storage volume partition space dipping below safety line
2026-08-13 12:11:03 | DEBUG | DATABASE | Checking read replica network communication latency values
2026-08-13 12:11:03 | WARNING | DATABASE | Active connection allocation reaching maximum pool capacity
2026-08-13 12:11:03 | INFO | DATABASE | Connection monitoring check returned healthy system status
2026-08-13 12:11:03 | WARNING | DATABASE | Storage volume partition space dipping below safety line
2026-08-13 12:11:03 | WARNING | AUTH | Login attempt detected from unverified geographic location
2026-08-13 12:11:03 | CRITICAL | AUTH | Critical certificate authority expiration causing login failure
2026-08-13 12:11:03 | DEBUG | DATABASE | Evaluating write ahead log file segment markers
2026-08-13 12:11:03 | WARNING | AUTH | Unsecured connection protocol used for authentication route
2026-08-13 12:11:03 | INFO | AUTH | New user account registration form processed
2026-08-13 12:11:03 | INFO | AUTH | Password reset request initiated by account owner
2026-08-13 12:11:03 | INFO | DATABASE | Vacuum cleanup script recovered unused disk blocks
2026-08-13 12:11:03 | CRITICAL | AUTH | Session revocation registry unavailable to match validation requests
2026-08-13 12:11:03 | WARNING | AUTH | Unsecured connection protocol used for authentication route
2026-08-13 12:11:03 | INFO | DATABASE | Configuration file reload completed without dropping sessions
2026-08-13 12:11:03 | INFO | AUTH | User successfully signed in from verified device
2026-08-13 12:11:03 | WARNING | DATABASE | Deadlock hazard encountered and handled via automatic retry
2026-08-13 12:11:03 | INFO | AUTH | User successfully signed in from verified device
2026-08-13 12:11:03 | ERROR | AUTH | Token generation algorithm missing required environment variable
2026-08-13 12:11:03 | ERROR | AUTH | Token generation algorithm missing required environment variable
2026-08-13 12:11:03 | INFO | DATABASE | Vacuum cleanup script recovered unused disk blocks
2026-08-13 12:11:03 | INFO | DATABASE | Vacuum cleanup script recovered unused disk blocks
2026-08-13 12:11:03 | CRITICAL | PAYMENTS | Decryption keys for payment data storage lost or unreadable
2026-08-13 12:11:03 | WARNING | DATABASE | Active connection allocation reaching maximum pool capacity
2026-08-13 12:11:03 | INFO | DATABASE | Database engine stats gathered and internal caches cleared
2026-08-13 12:11:03 | INFO | DATABASE | Configuration file reload completed without dropping sessions
2026-08-13 12:11:03 | CRITICAL | AUTH | Authorization system bypass pattern detected on core logic
2026-08-13 12:11:03 | INFO | DATABASE | Database connection pool successfully initialized and ready
2026-08-13 12:11:03 | INFO | DATABASE | Historical archive data dropped cleanly from active table
2026-08-13 12:11:03 | INFO | AUTH | Temporary login verification code dispatched to device
2026-08-13 12:11:03 | DEBUG | AUTH | Checking active session storage cache keys
2026-08-13 12:11:03 | ERROR | AUTH | Cryptographic decryption operation failed on secure token
2026-08-13 12:11:03 | INFO | PAYMENTS | Refund allocation operation completed for requested item
2026-08-13 12:11:03 | INFO | PAYMENTS | Digital purchase receipt dispatched via message queue
2026-08-13 12:11:03 | DEBUG | DATABASE | Parsing database driver environment parameters array
2026-08-13 12:11:03 | WARNING | DATABASE | Replica duplication gap widening beyond acceptable interval
2026-08-13 12:11:03 | DEBUG | DATABASE | Compiling raw SQL string from builder pattern
2026-08-13 12:11:03 | INFO | DATABASE | Connection monitoring check returned healthy system status
2026-08-13 12:11:03 | ERROR | PAYMENTS | Tax evaluation service dropped connection during computation
2026-08-13 12:11:03 | INFO | DATABASE | Index optimization routine completed for system tables
2026-08-13 12:11:03 | WARNING | PAYMENTS | Automated subscription retry pipeline delayed by queue backup
2026-08-13 12:11:03 | INFO | PAYMENTS | Subscription renewal pipeline updated for active client
2026-08-13 12:11:03 | ERROR | AUTH | Authentication state cache synchronization failed completely
2026-08-13 12:11:03 | DEBUG | DATABASE | Inspecting execution cost value for query analyzer
2026-08-13 12:11:03 | ERROR | AUTH | Invalid authorization token signature structure provided
2026-08-13 12:11:03 | DEBUG | PAYMENTS | Inspecting currency exchange conversion evaluation metrics
2026-08-13 12:11:03 | DEBUG | AUTH | Inspecting refresh token expiration properties
2026-08-13 12:11:03 | INFO | DATABASE | Configuration file reload completed without dropping sessions
